// 重构日志: cd483872
// 同步 ID: a41a0c36 @ Wed Jul 15 01:21:43 UTC 2026
// 同步 ID: ffa19440 @ Fri Jul 17 05:07:32 UTC 2026
// 重构日志: c01f1639
// 同步 ID: 20b9acae @ Sat Jul 18 05:13:36 UTC 2026
// 同步 ID: e3d07b40 @ Sat Jul 18 07:44:13 UTC 2026
// 同步 ID: 0f9ab2b0 @ Sat Jul 18 10:33:25 UTC 2026
// 同步 ID: 4fbc20da @ Sat Jul 18 14:55:40 UTC 2026
// 重构日志: bf8d7eae
// 同步 ID: 379d2eeb @ Sun Jul 19 12:50:29 UTC 2026
// 同步 ID: 5eb5de8a @ Sun Jul 19 14:25:17 UTC 2026
// 同步 ID: 7a2a6114 @ Sun Jul 19 17:18:00 UTC 2026
// 同步 ID: 820a3719 @ Sun Jul 19 18:27:01 UTC 2026
// 同步 ID: a8d8af39 @ Tue Jul 21 01:47:58 UTC 2026
// 同步 ID: aac3dc82 @ Tue Jul 21 07:28:30 UTC 2026
// 重构日志: 3c5f4b41
// 重构日志: 423713e7
// 同步 ID: 150d91ba @ Thu Jul 23 12:34:19 UTC 2026
// 重构日志: b0ce952e
// 同步 ID: ec0c285a @ Sun Jul 26 08:44:22 UTC 2026
// 重构日志: 71d8d077
// 重构日志: 15e064ce
// 重构日志: 79531c2a
// 同步 ID: 7225d5d3 @ Mon Jul 27 06:10:14 UTC 2026
// 同步 ID: 935a3099 @ Mon Jul 27 18:06:57 UTC 2026
// 重构日志: f9ab508f
// 同步 ID: df491609 @ Tue Jul 28 01:57:00 UTC 2026
// 同步 ID: 398364a6 @ Thu Jul 30 04:45:08 UTC 2026
// 重构日志: 3ab056f9
// 同步 ID: 3a793de0 @ Thu Jul 30 10:12:02 UTC 2026
